127.0.0.1 - - [11/Aug/2025:10:39:16 +0000] "GET /@fs/home/runner/workspace/node_modules/.vite/deps/chunk-WOOG5QLI.js?v=31ff2ac5 HTTP/1.1" 200 - "http://127.0.0.1:5000/@fs/home/runner/workspace/node_modules/.vite/deps/react_jsx-dev-runtime.js?v=31ff2ac5" "Mozilla/5.0 (X11; Linux x86_64) AppleWebKit/537.36 (KHTML, like Gecko) HeadlessChrome/118.0.5993.88 Safari/537.36"
127.0.0.1 - - [11/Aug/2025:10:39:16 +0000] "GET /@fs/home/runner/workspace/node_modules/.vite/deps/chunk-RPCDYKBN.js?v=31ff2ac5 HTTP/1.1" 200 - "http://127.0.0.1:5000/@fs/home/runner/workspace/node_modules/.vite/deps/react-dom_client.js?v=31ff2ac5" "Mozilla/5.0 (X11; Linux x86_64) AppleWebKit/537.36 (KHTML, like Gecko) HeadlessChrome/118.0.5993.88 Safari/537.36"
127.0.0.1 - - [11/Aug/2025:10:39:16 +0000] "GET /@fs/home/runner/workspace/node_modules/.vite/deps/wouter.js?v=31ff2ac5 HTTP/1.1" 200 - "http://127.0.0.1:5000/src/App.tsx?v=v21elkFzDNlK-l2m7HOmu" "Mozilla/5.0 (X11; Linux x86_64) AppleWebKit/537.36 (KHTML, like Gecko) HeadlessChrome/118.0.5993.88 Safari/537.36"
127.0.0.1 - - [11/Aug/2025:10:39:17 +0000] "GET /@fs/home/runner/workspace/node_modules/.vite/deps/@tanstack_react-query.js?v=31ff2ac5 HTTP/1.1" 200 - "http://127.0.0.1:5000/src/App.tsx?v=v21elkFzDNlK-l2m7HOmu" "Mozilla/5.0 (X11; Linux x86_64) AppleWebKit/537.36 (KHTML, like Gecko) HeadlessChrome/118.0.5993.88 Safari/537.36"
172.31.82.2 - - [11/Aug/2025:10:39:17 +0000] "GET / HTTP/1.1" 200 - "https://3d9fb108-b9e8-43bd-9835-61585a0eb37f-00-f39pm8i9ohyv.kirk.replit.dev/" "Mozilla/5.0 (Macintosh; Intel Mac OS X 10_15_7) AppleWebKit/605.1.15 (KHTML, like Gecko) Version/18.6 Safari/605.1.15"
127.0.0.1 - - [11/Aug/2025:10:39:17 +0000] "GET /src/index.css?v=v21elkFzDNlK-l2m7HOmu HTTP/1.1" 200 - "http://127.0.0.1:5000/src/main.tsx?v=v21elkFzDNlK-l2m7HOmu" "Mozilla/5.0 (X11; Linux x86_64) AppleWebKit/537.36 (KHTML, like Gecko) HeadlessChrome/118.0.5993.88 Safari/537.36"
127.0.0.1 - - [11/Aug/2025:10:39:17 +0000] "GET /src/lib/queryClient.ts HTTP/1.1" 200 - "http://127.0.0.1:5000/src/App.tsx?v=v21elkFzDNlK-l2m7HOmu" "Mozilla/5.0 (X11; Linux x86_64) AppleWebKit/537.36 (KHTML, like Gecko) HeadlessChrome/118.0.5993.88 Safari/537.36"
127.0.0.1 - - [11/Aug/2025:10:39:17 +0000] "GET /@fs/home/runner/workspace/node_modules/.vite/deps/react.js?v=31ff2ac5 HTTP/1.1" 200 - "http://127.0.0.1:5000/src/App.tsx?v=v21elkFzDNlK-l2m7HOmu" "Mozilla/5.0 (X11; Linux x86_64) AppleWebKit/537.36 (KHTML, like Gecko) HeadlessChrome/118.0.5993.88 Safari/537.36"
127.0.0.1 - - [11/Aug/2025:10:39:17 +0000] "GET /src/pages/home.tsx HTTP/1.1" 200 - "http://127.0.0.1:5000/src/App.tsx?v=v21elkFzDNlK-l2m7HOmu" "Mozilla/5.0 (X11; Linux x86_64) AppleWebKit/537.36 (KHTML, like Gecko) HeadlessChrome/118.0.5993.88 Safari/537.36"
172.31.82.2 - - [11/Aug/2025:10:39:17 +0000] "GET /@vite/client HTTP/1.1" 200 - "https://3d9fb108-b9e8-43bd-9835-61585a0eb37f-00-f39pm8i9ohyv.kirk.replit.dev/" "Mozilla/5.0 (Macintosh; Intel Mac OS X 10_15_7) AppleWebKit/605.1.15 (KHTML, like Gecko) Version/18.6 Safari/605.1.15"
127.0.0.1 - - [11/Aug/2025:10:39:17 +0000] "GET /src/pages/api-details.tsx HTTP/1.1" 200 - "http://127.0.0.1:5000/src/App.tsx?v=v21elkFzDNlK-l2m7HOmu" "Mozilla/5.0 (X11; Linux x86_64) AppleWebKit/537.36 (KHTML, like Gecko) HeadlessChrome/118.0.5993.88 Safari/537.36"
127.0.0.1 - - [11/Aug/2025:10:39:17 +0000] "GET /src/pages/varlik-test.tsx HTTP/1.1" 200 - "http://127.0.0.1:5000/src/App.tsx?v=v21elkFzDNlK-l2m7HOmu" "Mozilla/5.0 (X11; Linux x86_64) AppleWebKit/537.36 (KHTML, like Gecko) HeadlessChrome/118.0.5993.88 Safari/537.36"
127.0.0.1 - - [11/Aug/2025:10:39:17 +0000] "GET /src/pages/api-center.tsx HTTP/1.1" 200 - "http://127.0.0.1:5000/src/App.tsx?v=v21elkFzDNlK-l2m7HOmu" "Mozilla/5.0 (X11; Linux x86_64) AppleWebKit/537.36 (KHTML, like Gecko) HeadlessChrome/118.0.5993.88 Safari/537.36"
127.0.0.1 - - [11/Aug/2025:10:39:17 +0000] "GET /src/pages/api-status.tsx HTTP/1.1" 200 - "http://127.0.0.1:5000/src/App.tsx?v=v21elkFzDNlK-l2m7HOmu" "Mozilla/5.0 (X11; Linux x86_64) AppleWebKit/537.36 (KHTML, like Gecko) HeadlessChrome/118.0.5993.88 Safari/537.36"
127.0.0.1 - - [11/Aug/2025:10:39:17 +0000] "GET /src/pages/document-management.tsx HTTP/1.1" 200 - "http://127.0.0.1:5000/src/App.tsx?v=v21elkFzDNlK-l2m7HOmu" "Mozilla/5.0 (X11; Linux x86_64) AppleWebKit/537.36 (KHTML, like Gecko) HeadlessChrome/118.0.5993.88 Safari/537.36"
127.0.0.1 - - [11/Aug/2025:10:39:17 +0000] "GET /src/pages/Dashboard.tsx HTTP/1.1" 200 - "http://127.0.0.1:5000/src/App.tsx?v=v21elkFzDNlK-l2m7HOmu" "Mozilla/5.0 (X11; Linux x86_64) AppleWebKit/537.36 (KHTML, like Gecko) HeadlessChrome/118.0.5993.88 Safari/537.36"
127.0.0.1 - - [11/Aug/2025:10:39:17 +0000] "GET /src/pages/Analytics.tsx HTTP/1.1" 200 - "http://127.0.0.1:5000/src/App.tsx?v=v21elkFzDNlK-l2m7HOmu" "Mozilla/5.0 (X11; Linux x86_64) AppleWebKit/537.36 (KHTML, like Gecko) HeadlessChrome/118.0.5993.88 Safari/537.36"
127.0.0.1 - - [11/Aug/2025:10:39:17 +0000] "GET /src/pages/BulkImport.tsx HTTP/1.1" 200 - "http://127.0.0.1:5000/src/App.tsx?v=v21elkFzDNlK-l2m7HOmu" "Mozilla/5.0 (X11; Linux x86_64) AppleWebKit/537.36 (KHTML, like Gecko) HeadlessChrome/118.0.5993.88 Safari/537.36"
172.31.82.2 - - [11/Aug/2025:10:39:17 +0000] "GET /@react-refresh HTTP/1.1" 304 - "https://3d9fb108-b9e8-43bd-9835-61585a0eb37f-00-f39pm8i9ohyv.kirk.replit.dev/" "Mozilla/5.0 (Macintosh; Intel Mac OS X 10_15_7) AppleWebKit/605.1.15 (KHTML, like Gecko) Version/18.6 Safari/605.1.15"
127.0.0.1 - - [11/Aug/2025:10:39:18 +0000] "GET /src/components/ui/toaster.tsx HTTP/1.1" 200 - "http://127.0.0.1:5000/src/App.tsx?v=v21elkFzDNlK-l2m7HOmu" "Mozilla/5.0 (X11; Linux x86_64) AppleWebKit/537.36 (KHTML, like Gecko) HeadlessChrome/118.0.5993.88 Safari/537.36"
127.0.0.1 - - [11/Aug/2025:10:39:18 +0000] "GET /src/components/ui/tooltip.tsx HTTP/1.1" 200 - "http://127.0.0.1:5000/src/App.tsx?v=v21elkFzDNlK-l2m7HOmu" "Mozilla/5.0 (X11; Linux x86_64) AppleWebKit/537.36 (KHTML, like Gecko) HeadlessChrome/118.0.5993.88 Safari/537.36"
127.0.0.1 - - [11/Aug/2025:10:39:18 +0000] "GET /src/pages/login.tsx HTTP/1.1" 200 - "http://127.0.0.1:5000/src/App.tsx?v=v21elkFzDNlK-l2m7HOmu" "Mozilla/5.0 (X11; Linux x86_64) AppleWebKit/537.36 (KHTML, like Gecko) HeadlessChrome/118.0.5993.88 Safari/537.36"
172.31.82.2 - - [11/Aug/2025:10:39:18 +0000] "GET /src/main.tsx?v=BrruEArfmRwIW2u7i8-7G HTTP/1.1" 200 - "https://3d9fb108-b9e8-43bd-9835-61585a0eb37f-00-f39pm8i9ohyv.kirk.replit.dev/" "Mozilla/5.0 (Macintosh; Intel Mac OS X 10_15_7) AppleWebKit/605.1.15 (KHTML, like Gecko) Version/18.6 Safari/605.1.15"
127.0.0.1 - - [11/Aug/2025:10:39:18 +0000] "GET /src/pages/not-found.tsx HTTP/1.1" 200 - "http://127.0.0.1:5000/src/App.tsx?v=v21elkFzDNlK-l2m7HOmu" "Mozilla/5.0 (X11; Linux x86_64) AppleWebKit/537.36 (KHTML, like Gecko) HeadlessChrome/118.0.5993.88 Safari/537.36"
127.0.0.1 - - [11/Aug/2025:10:39:18 +0000] "GET /src/pages/AdminTenants.tsx HTTP/1.1" 200 - "http://127.0.0.1:5000/src/App.tsx?v=v21elkFzDNlK-l2m7HOmu" "Mozilla/5.0 (X11; Linux x86_64) AppleWebKit/537.36 (KHTML, like Gecko) HeadlessChrome/118.0.5993.88 Safari/537.36"
127.0.0.1 - - [11/Aug/2025:10:39:18 +0000] "GET /@fs/home/runner/workspace/node_modules/.vite/deps/chunk-KBTYAULA.js?v=31ff2ac5 HTTP/1.1" 200 - "http://127.0.0.1:5000/@fs/home/runner/workspace/node_modules/.vite/deps/@tanstack_react-query.js?v=31ff2ac5" "Mozilla/5.0 (X11; Linux x86_64) AppleWebKit/537.36 (KHTML, like Gecko) HeadlessChrome/118.0.5993.88 Safari/537.36"
127.0.0.1 - - [11/Aug/2025:10:39:18 +0000] "GET /src/hooks/use-toast.ts HTTP/1.1" 200 - "http://127.0.0.1:5000/src/pages/home.tsx" "Mozilla/5.0 (X11; Linux x86_64) AppleWebKit/537.36 (KHTML, like Gecko) HeadlessChrome/118.0.5993.88 Safari/537.36"
127.0.0.1 - - [11/Aug/2025:10:39:18 +0000] "GET /src/components/ui/button.tsx HTTP/1.1" 200 - "http://127.0.0.1:5000/src/pages/home.tsx" "Mozilla/5.0 (X11; Linux x86_64) AppleWebKit/537.36 (KHTML, like Gecko) HeadlessChrome/118.0.5993.88 Safari/537.36"
127.0.0.1 - - [11/Aug/2025:10:39:18 +0000] "GET /src/components/ui/card.tsx HTTP/1.1" 200 - "http://127.0.0.1:5000/src/pages/home.tsx" "Mozilla/5.0 (X11; Linux x86_64) AppleWebKit/537.36 (KHTML, like Gecko) HeadlessChrome/118.0.5993.88 Safari/537.36"
127.0.0.1 - - [11/Aug/2025:10:39:18 +0000] "GET /src/components/search-filters.tsx HTTP/1.1" 200 - "http://127.0.0.1:5000/src/pages/home.tsx" "Mozilla/5.0 (X11; Linux x86_64) AppleWebKit/537.36 (KHTML, like Gecko) HeadlessChrome/118.0.5993.88 Safari/537.36"
127.0.0.1 - - [11/Aug/2025:10:39:18 +0000] "GET /src/components/stats-cards.tsx HTTP/1.1" 200 - "http://127.0.0.1:5000/src/pages/home.tsx" "Mozilla/5.0 (X11; Linux x86_64) AppleWebKit/537.36 (KHTML, like Gecko) HeadlessChrome/118.0.5993.88 Safari/537.36"
127.0.0.1 - - [11/Aug/2025:10:39:18 +0000] "GET /@fs/home/runner/workspace/node_modules/.vite/deps/lucide-react.js?v=31ff2ac5 HTTP/1.1" 200 - "http://127.0.0.1:5000/src/pages/home.tsx" "Mozilla/5.0 (X11; Linux x86_64) AppleWebKit/537.36 (KHTML, like Gecko) HeadlessChrome/118.0.5993.88 Safari/537.36"
127.0.0.1 - - [11/Aug/2025:10:39:18 +0000] "GET /src/components/header.tsx HTTP/1.1" 200 - "http://127.0.0.1:5000/src/pages/home.tsx" "Mozilla/5.0 (X11; Linux x86_64) AppleWebKit/537.36 (KHTML, like Gecko) HeadlessChrome/118.0.5993.88 Safari/537.36"
127.0.0.1 - - [11/Aug/2025:10:39:18 +0000] "GET /src/lib/api.ts HTTP/1.1" 200 - "http://127.0.0.1:5000/src/pages/home.tsx" "Mozilla/5.0 (X11; Linux x86_64) AppleWebKit/537.36 (KHTML, like Gecko) HeadlessChrome/118.0.5993.88 Safari/537.36"
127.0.0.1 - - [11/Aug/2025:10:39:18 +0000] "GET /src/components/ui/badge.tsx HTTP/1.1" 200 - "http://127.0.0.1:5000/src/pages/varlik-test.tsx" "Mozilla/5.0 (X11; Linux x86_64) AppleWebKit/537.36 (KHTML, like Gecko) HeadlessChrome/118.0.5993.88 Safari/537.36"
172.31.82.2 - - [11/Aug/2025:10:39:18 +0000] "GET /src/App.tsx?v=BrruEArfmRwIW2u7i8-7G HTTP/1.1" 200 - "https://3d9fb108-b9e8-43bd-9835-61585a0eb37f-00-f39pm8i9ohyv.kirk.replit.dev/" "Mozilla/5.0 (Macintosh; Intel Mac OS X 10_15_7) AppleWebKit/605.1.15 (KHTML, like Gecko) Version/18.6 Safari/605.1.15"
172.31.82.2 - - [11/Aug/2025:10:39:18 +0000] "GET /src/index.css?v=BrruEArfmRwIW2u7i8-7G HTTP/1.1" 200 - "https://3d9fb108-b9e8-43bd-9835-61585a0eb37f-00-f39pm8i9ohyv.kirk.replit.dev/" "Mozilla/5.0 (Macintosh; Intel Mac OS X 10_15_7) AppleWebKit/605.1.15 (KHTML, like Gecko) Version/18.6 Safari/605.1.15"
127.0.0.1 - - [11/Aug/2025:10:39:18 +0000] "GET /src/components/ui/input.tsx HTTP/1.1" 200 - "http://127.0.0.1:5000/src/pages/varlik-test.tsx" "Mozilla/5.0 (X11; Linux x86_64) AppleWebKit/537.36 (KHTML, like Gecko) HeadlessChrome/118.0.5993.88 Safari/537.36"
127.0.0.1 - - [11/Aug/2025:10:39:18 +0000] "GET /src/components/ui/label.tsx HTTP/1.1" 200 - "http://127.0.0.1:5000/src/pages/varlik-test.tsx" "Mozilla/5.0 (X11; Linux x86_64) AppleWebKit/537.36 (KHTML, like Gecko) HeadlessChrome/118.0.5993.88 Safari/537.36"
127.0.0.1 - - [11/Aug/2025:10:39:18 +0000] "GET /src/components/ui/select.tsx HTTP/1.1" 200 - "http://127.0.0.1:5000/src/pages/varlik-test.tsx" "Mozilla/5.0 (X11; Linux x86_64) AppleWebKit/537.36 (KHTML, like Gecko) HeadlessChrome/118.0.5993.88 Safari/537.36"
127.0.0.1 - - [11/Aug/2025:10:39:18 +0000] "GET /src/components/ui/dialog.tsx HTTP/1.1" 200 - "http://127.0.0.1:5000/src/pages/api-center.tsx" "Mozilla/5.0 (X11; Linux x86_64) AppleWebKit/537.36 (KHTML, like Gecko) HeadlessChrome/118.0.5993.88 Safari/537.36"
127.0.0.1 - - [11/Aug/2025:10:39:18 +0000] "GET /src/components/ui/textarea.tsx HTTP/1.1" 200 - "http://127.0.0.1:5000/src/pages/api-center.tsx" "Mozilla/5.0 (X11; Linux x86_64) AppleWebKit/537.36 (KHTML, like Gecko) HeadlessChrome/118.0.5993.88 Safari/537.36"
127.0.0.1 - - [11/Aug/2025:10:39:18 +0000] "GET /src/components/ui/tabs.tsx HTTP/1.1" 200 - "http://127.0.0.1:5000/src/pages/api-status.tsx" "Mozilla/5.0 (X11; Linux x86_64) AppleWebKit/537.36 (KHTML, like Gecko) HeadlessChrome/118.0.5993.88 Safari/537.36"
172.31.82.2 - - [11/Aug/2025:10:39:18 +0000] "GET /@fs/home/runner/workspace/node_modules/vite/dist/client/env.mjs HTTP/1.1" 304 - "https://3d9fb108-b9e8-43bd-9835-61585a0eb37f-00-f39pm8i9ohyv.kirk.replit.dev/" "Mozilla/5.0 (Macintosh; Intel Mac OS X 10_15_7) AppleWebKit/605.1.15 (KHTML, like Gecko) Version/18.6 Safari/605.1.15"
127.0.0.1 - - [11/Aug/2025:10:39:18 +0000] "GET /src/components/ui/table.tsx HTTP/1.1" 200 - "http://127.0.0.1:5000/src/pages/document-management.tsx" "Mozilla/5.0 (X11; Linux x86_64) AppleWebKit/537.36 (KHTML, like Gecko) HeadlessChrome/118.0.5993.88 Safari/537.36"
127.0.0.1 - - [11/Aug/2025:10:39:18 +0000] "GET /src/components/DocumentUploader.tsx HTTP/1.1" 200 - "http://127.0.0.1:5000/src/pages/document-management.tsx" "Mozilla/5.0 (X11; Linux x86_64) AppleWebKit/537.36 (KHTML, like Gecko) HeadlessChrome/118.0.5993.88 Safari/537.36"
127.0.0.1 - - [11/Aug/2025:10:39:18 +0000] "GET /src/components/ui/checkbox.tsx HTTP/1.1" 200 - "http://127.0.0.1:5000/src/pages/Dashboard.tsx" "Mozilla/5.0 (X11; Linux x86_64) AppleWebKit/537.36 (KHTML, like Gecko) HeadlessChrome/118.0.5993.88 Safari/537.36"
127.0.0.1 - - [11/Aug/2025:10:39:18 +0000] "GET /src/components/Header.tsx HTTP/1.1" 200 - "http://127.0.0.1:5000/src/pages/Dashboard.tsx" "Mozilla/5.0 (X11; Linux x86_64) AppleWebKit/537.36 (KHTML, like Gecko) HeadlessChrome/118.0.5993.88 Safari/537.36"
127.0.0.1 - - [11/Aug/2025:10:39:18 +0000] "GET /@fs/home/runner/workspace/node_modules/.vite/deps/date-fns.js?v=31ff2ac5 HTTP/1.1" 200 - "http://127.0.0.1:5000/src/pages/Dashboard.tsx" "Mozilla/5.0 (X11; Linux x86_64) AppleWebKit/537.36 (KHTML, like Gecko) HeadlessChrome/118.0.5993.88 Safari/537.36"
127.0.0.1 - - [11/Aug/2025:10:39:18 +0000] "GET /src/components/ui/progress.tsx HTTP/1.1" 200 - "http://127.0.0.1:5000/src/pages/BulkImport.tsx" "Mozilla/5.0 (X11; Linux x86_64) AppleWebKit/537.36 (KHTML, like Gecko) HeadlessChrome/118.0.5993.88 Safari/537.36"
127.0.0.1 - - [11/Aug/2025:10:39:18 +0000] "GET /src/components/ui/alert.tsx HTTP/1.1" 200 - "http://127.0.0.1:5000/src/pages/BulkImport.tsx" "Mozilla/5.0 (X11; Linux x86_64) AppleWebKit/537.36 (KHTML, like Gecko) HeadlessChrome/118.0.5993.88 Safari/537.36"
127.0.0.1 - - [11/Aug/2025:10:39:18 +0000] "GET /src/components/ui/toast.tsx HTTP/1.1" 200 - "http://127.0.0.1:5000/src/components/ui/toaster.tsx" "Mozilla/5.0 (X11; Linux x86_64) AppleWebKit/537.36 (KHTML, like Gecko) HeadlessChrome/118.0.5993.88 Safari/537.36"
127.0.0.1 - - [11/Aug/2025:10:39:18 +0000] "GET /@fs/home/runner/workspace/node_modules/.vite/deps/@radix-ui_react-tooltip.js?v=31ff2ac5 HTTP/1.1" 200 - "http://127.0.0.1:5000/src/components/ui/tooltip.tsx" "Mozilla/5.0 (X11; Linux x86_64) AppleWebKit/537.36 (KHTML, like Gecko) HeadlessChrome/118.0.5993.88 Safari/537.36"
172.31.82.2 - - [11/Aug/2025:10:39:18 +0000] "GET /src/lib/queryClient.ts HTTP/1.1" 304 - "https://3d9fb108-b9e8-43bd-9835-61585a0eb37f-00-f39pm8i9ohyv.kirk.replit.dev/" "Mozilla/5.0 (Macintosh; Intel Mac OS X 10_15_7) AppleWebKit/605.1.15 (KHTML, like Gecko) Version/18.6 Safari/605.1.15"
127.0.0.1 - - [11/Aug/2025:10:39:19 +0000] "GET /src/lib/utils.ts HTTP/1.1" 200 - "http://127.0.0.1:5000/src/components/ui/tooltip.tsx" "Mozilla/5.0 (X11; Linux x86_64) AppleWebKit/537.36 (KHTML, like Gecko) HeadlessChrome/118.0.5993.88 Safari/537.36"
127.0.0.1 - - [11/Aug/2025:10:39:19 +0000] "GET /@fs/home/runner/workspace/node_modules/.vite/deps/@radix-ui_react-slot.js?v=31ff2ac5 HTTP/1.1" 200 - "http://127.0.0.1:5000/src/components/ui/button.tsx" "Mozilla/5.0 (X11; Linux x86_64) AppleWebKit/537.36 (KHTML, like Gecko) HeadlessChrome/118.0.5993.88 Safari/537.36"
127.0.0.1 - - [11/Aug/2025:10:39:19 +0000] "GET /@fs/home/runner/workspace/node_modules/.vite/deps/class-variance-authority.js?v=31ff2ac5 HTTP/1.1" 200 - "http://127.0.0.1:5000/src/components/ui/button.tsx" "Mozilla/5.0 (X11; Linux x86_64) AppleWebKit/537.36 (KHTML, like Gecko) HeadlessChrome/118.0.5993.88 Safari/537.36"
172.31.82.2 - - [11/Aug/2025:10:39:19 +0000] "GET /src/pages/varlik-test.tsx HTTP/1.1" 304 - "https://3d9fb108-b9e8-43bd-9835-61585a0eb37f-00-f39pm8i9ohyv.kirk.replit.dev/" "Mozilla/5.0 (Macintosh; Intel Mac OS X 10_15_7) AppleWebKit/605.1.15 (KHTML, like Gecko) Version/18.6 Safari/605.1.15"
127.0.0.1 - - [11/Aug/2025:10:39:19 +0000] "GET /@fs/home/runner/workspace/node_modules/.vite/deps/@radix-ui_react-label.js?v=31ff2ac5 HTTP/1.1" 200 - "http://127.0.0.1:5000/src/components/ui/label.tsx" "Mozilla/5.0 (X11; Linux x86_64) AppleWebKit/537.36 (KHTML, like Gecko) HeadlessChrome/118.0.5993.88 Safari/537.36"
127.0.0.1 - - [11/Aug/2025:10:39:19 +0000] "GET /@fs/home/runner/workspace/node_modules/.vite/deps/@radix-ui_react-select.js?v=31ff2ac5 HTTP/1.1" 200 - "http://127.0.0.1:5000/src/components/ui/select.tsx" "Mozilla/5.0 (X11; Linux x86_64) AppleWebKit/537.36 (KHTML, like Gecko) HeadlessChrome/118.0.5993.88 Safari/537.36"
127.0.0.1 - - [11/Aug/2025:10:39:19 +0000] "GET /@fs/home/runner/workspace/node_modules/.vite/deps/@radix-ui_react-dialog.js?v=31ff2ac5 HTTP/1.1" 200 - "http://127.0.0.1:5000/src/components/ui/dialog.tsx" "Mozilla/5.0 (X11; Linux x86_64) AppleWebKit/537.36 (KHTML, like Gecko) HeadlessChrome/118.0.5993.88 Safari/537.36"
127.0.0.1 - - [11/Aug/2025:10:39:19 +0000] "GET /@fs/home/runner/workspace/node_modules/.vite/deps/@radix-ui_react-tabs.js?v=31ff2ac5 HTTP/1.1" 200 - "http://127.0.0.1:5000/src/components/ui/tabs.tsx" "Mozilla/5.0 (X11; Linux x86_64) AppleWebKit/537.36 (KHTML, like Gecko) HeadlessChrome/118.0.5993.88 Safari/537.36"
127.0.0.1 - - [11/Aug/2025:10:39:19 +0000] "GET /@fs/home/runner/workspace/node_modules/.vite/deps/@radix-ui_react-checkbox.js?v=31ff2ac5 HTTP/1.1" 200 - "http://127.0.0.1:5000/src/components/ui/checkbox.tsx" "Mozilla/5.0 (X11; Linux x86_64) AppleWebKit/537.36 (KHTML, like Gecko) HeadlessChrome/118.0.5993.88 Safari/537.36"
127.0.0.1 - - [11/Aug/2025:10:39:19 +0000] "GET /@fs/home/runner/workspace/node_modules/.vite/deps/@radix-ui_react-progress.js?v=31ff2ac5 HTTP/1.1" 200 - "http://127.0.0.1:5000/src/components/ui/progress.tsx" "Mozilla/5.0 (X11; Linux x86_64) AppleWebKit/537.36 (KHTML, like Gecko) HeadlessChrome/118.0.5993.88 Safari/537.36"
127.0.0.1 - - [11/Aug/2025:10:39:19 +0000] "GET /@fs/home/runner/workspace/node_modules/.vite/deps/@radix-ui_react-toast.js?v=31ff2ac5 HTTP/1.1" 200 - "http://127.0.0.1:5000/src/components/ui/toast.tsx" "Mozilla/5.0 (X11; Linux x86_64) AppleWebKit/537.36 (KHTML, like Gecko) HeadlessChrome/118.0.5993.88 Safari/537.36"
127.0.0.1 - - [11/Aug/2025:10:39:19 +0000] "GET /@fs/home/runner/workspace/node_modules/.vite/deps/chunk-SVCK53DA.js?v=31ff2ac5 HTTP/1.1" 200 - "http://127.0.0.1:5000/@fs/home/runner/workspace/node_modules/.vite/deps/@radix-ui_react-tooltip.js?v=31ff2ac5" "Mozilla/5.0 (X11; Linux x86_64) AppleWebKit/537.36 (KHTML, like Gecko) HeadlessChrome/118.0.5993.88 Safari/537.36"
127.0.0.1 - - [11/Aug/2025:10:39:19 +0000] "GET /@fs/home/runner/workspace/node_modules/.vite/deps/chunk-R5YVGTHA.js?v=31ff2ac5 HTTP/1.1" 200 - "http://127.0.0.1:5000/@fs/home/runner/workspace/node_modules/.vite/deps/@radix-ui_react-tooltip.js?v=31ff2ac5" "Mozilla/5.0 (X11; Linux x86_64) AppleWebKit/537.36 (KHTML, like Gecko) HeadlessChrome/118.0.5993.88 Safari/537.36"
172.31.82.2 - - [11/Aug/2025:10:39:19 +0000] "GET /src/pages/api-details.tsx HTTP/1.1" 304 - "https://3d9fb108-b9e8-43bd-9835-61585a0eb37f-00-f39pm8i9ohyv.kirk.replit.dev/" "Mozilla/5.0 (Macintosh; Intel Mac OS X 10_15_7) AppleWebKit/605.1.15 (KHTML, like Gecko) Version/18.6 Safari/605.1.15"
127.0.0.1 - - [11/Aug/2025:10:39:19 +0000] "GET /@fs/home/runner/workspace/node_modules/.vite/deps/chunk-CXHEV2X6.js?v=31ff2ac5 HTTP/1.1" 200 - "http://127.0.0.1:5000/@fs/home/runner/workspace/node_modules/.vite/deps/@radix-ui_react-tooltip.js?v=31ff2ac5" "Mozilla/5.0 (X11; Linux x86_64) AppleWebKit/537.36 (KHTML, like Gecko) HeadlessChrome/118.0.5993.88 Safari/537.36"
127.0.0.1 - - [11/Aug/2025:10:39:19 +0000] "GET /@fs/home/runner/workspace/node_modules/.vite/deps/chunk-4DO6V6VF.js?v=31ff2ac5 HTTP/1.1" 200 - "http://127.0.0.1:5000/@fs/home/runner/workspace/node_modules/.vite/deps/@radix-ui_react-tooltip.js?v=31ff2ac5" "Mozilla/5.0 (X11; Linux x86_64) AppleWebKit/537.36 (KHTML, like Gecko) HeadlessChrome/118.0.5993.88 Safari/537.36"
127.0.0.1 - - [11/Aug/2025:10:39:19 +0000] "GET /@fs/home/runner/workspace/node_modules/.vite/deps/chunk-UQHGR4RG.js?v=31ff2ac5 HTTP/1.1" 200 - "http://127.0.0.1:5000/@fs/home/runner/workspace/node_modules/.vite/deps/@radix-ui_react-tooltip.js?v=31ff2ac5" "Mozilla/5.0 (X11; Linux x86_64) AppleWebKit/537.36 (KHTML, like Gecko) HeadlessChrome/118.0.5993.88 Safari/537.36"
172.31.82.2 - - [11/Aug/2025:10:39:19 +0000] "GET /src/pages/api-status.tsx HTTP/1.1" 304 - "https://3d9fb108-b9e8-43bd-9835-61585a0eb37f-00-f39pm8i9ohyv.kirk.replit.dev/" "Mozilla/5.0 (Macintosh; Intel Mac OS X 10_15_7) AppleWebKit/605.1.15 (KHTML, like Gecko) Version/18.6 Safari/605.1.15"
127.0.0.1 - - [11/Aug/2025:10:39:19 +0000] "GET /@fs/home/runner/workspace/node_modules/.vite/deps/chunk-YN3QL25T.js?v=31ff2ac5 HTTP/1.1" 200 - "http://127.0.0.1:5000/@fs/home/runner/workspace/node_modules/.vite/deps/@radix-ui_react-tooltip.js?v=31ff2ac5" "Mozilla/5.0 (X11; Linux x86_64) AppleWebKit/537.36 (KHTML, like Gecko) HeadlessChrome/118.0.5993.88 Safari/537.36"
127.0.0.1 - - [11/Aug/2025:10:39:19 +0000] "GET /@fs/home/runner/workspace/node_modules/.vite/deps/chunk-P6AUOPGQ.js?v=31ff2ac5 HTTP/1.1" 200 - "http://127.0.0.1:5000/@fs/home/runner/workspace/node_modules/.vite/deps/@radix-ui_react-tooltip.js?v=31ff2ac5" "Mozilla/5.0 (X11; Linux x86_64) AppleWebKit/537.36 (KHTML, like Gecko) HeadlessChrome/118.0.5993.88 Safari/537.36"
127.0.0.1 - - [11/Aug/2025:10:39:19 +0000] "GET /@fs/home/runner/workspace/node_modules/.vite/deps/chunk-OXZDJRWN.js?v=31ff2ac5 HTTP/1.1" 200 - "http://127.0.0.1:5000/@fs/home/runner/workspace/node_modules/.vite/deps/@radix-ui_react-tooltip.js?v=31ff2ac5" "Mozilla/5.0 (X11; Linux x86_64) AppleWebKit/537.36 (KHTML, like Gecko) HeadlessChrome/118.0.5993.88 Safari/537.36"
172.31.82.2 - - [11/Aug/2025:10:39:19 +0000] "GET /src/pages/document-management.tsx HTTP/1.1" 304 - "https://3d9fb108-b9e8-43bd-9835-61585a0eb37f-00-f39pm8i9ohyv.kirk.replit.dev/" "Mozilla/5.0 (Macintosh; Intel Mac OS X 10_15_7) AppleWebKit/605.1.15 (KHTML, like Gecko) Version/18.6 Safari/605.1.15"
127.0.0.1 - - [11/Aug/2025:10:39:19 +0000] "GET /@fs/home/runner/workspace/node_modules/.vite/deps/chunk-BOL2CCOG.js?v=31ff2ac5 HTTP/1.1" 200 - "http://127.0.0.1:5000/@fs/home/runner/workspace/node_modules/.vite/deps/@radix-ui_react-tooltip.js?v=31ff2ac5" "Mozilla/5.0 (X11; Linux x86_64) AppleWebKit/537.36 (KHTML, like Gecko) HeadlessChrome/118.0.5993.88 Safari/537.36"
127.0.0.1 - - [11/Aug/2025:10:39:19 +0000] "GET /@fs/home/runner/workspace/node_modules/.vite/deps/chunk-EVLBUYTV.js?v=31ff2ac5 HTTP/1.1" 200 - "http://127.0.0.1:5000/@fs/home/runner/workspace/node_modules/.vite/deps/@radix-ui_react-tooltip.js?v=31ff2ac5" "Mozilla/5.0 (X11; Linux x86_64) AppleWebKit/537.36 (KHTML, like Gecko) HeadlessChrome/118.0.5993.88 Safari/537.36"
127.0.0.1 - - [11/Aug/2025:10:39:19 +0000] "GET /@fs/home/runner/workspace/node_modules/.vite/deps/clsx.js?v=31ff2ac5 HTTP/1.1" 200 - "http://127.0.0.1:5000/src/lib/utils.ts" "Mozilla/5.0 (X11; Linux x86_64) AppleWebKit/537.36 (KHTML, like Gecko) HeadlessChrome/118.0.5993.88 Safari/537.36"
172.31.82.2 - - [11/Aug/2025:10:39:19 +0000] "GET /src/components/ui/tooltip.tsx HTTP/1.1" 304 - "https://3d9fb108-b9e8-43bd-9835-61585a0eb37f-00-f39pm8i9ohyv.kirk.replit.dev/" "Mozilla/5.0 (Macintosh; Intel Mac OS X 10_15_7) AppleWebKit/605.1.15 (KHTML, like Gecko) Version/18.6 Safari/605.1.15"
172.31.82.2 - - [11/Aug/2025:10:39:19 +0000] "GET /src/components/ui/toaster.tsx HTTP/1.1" 304 - "https://3d9fb108-b9e8-43bd-9835-61585a0eb37f-00-f39pm8i9ohyv.kirk.replit.dev/" "Mozilla/5.0 (Macintosh; Intel Mac OS X 10_15_7) AppleWebKit/605.1.15 (KHTML, like Gecko) Version/18.6 Safari/605.1.15"
127.0.0.1 - - [11/Aug/2025:10:39:19 +0000] "GET /@fs/home/runner/workspace/node_modules/.vite/deps/tailwind-merge.js?v=31ff2ac5 HTTP/1.1" 200 - "http://127.0.0.1:5000/src/lib/utils.ts" "Mozilla/5.0 (X11; Linux x86_64) AppleWebKit/537.36 (KHTML, like Gecko) HeadlessChrome/118.0.5993.88 Safari/537.36"
127.0.0.1 - - [11/Aug/2025:10:39:19 +0000] "GET /@fs/home/runner/workspace/node_modules/.vite/deps/chunk-U7P2NEEE.js?v=31ff2ac5 HTTP/1.1" 200 - "http://127.0.0.1:5000/@fs/home/runner/workspace/node_modules/.vite/deps/class-variance-authority.js?v=31ff2ac5" "Mozilla/5.0 (X11; Linux x86_64) AppleWebKit/537.36 (KHTML, like Gecko) HeadlessChrome/118.0.5993.88 Safari/537.36"
127.0.0.1 - - [11/Aug/2025:10:39:19 +0000] "GET /@fs/home/runner/workspace/node_modules/.vite/deps/chunk-PBVIPCSI.js?v=31ff2ac5 HTTP/1.1" 200 - "http://127.0.0.1:5000/@fs/home/runner/workspace/node_modules/.vite/deps/@radix-ui_react-dialog.js?v=31ff2ac5" "Mozilla/5.0 (X11; Linux x86_64) AppleWebKit/537.36 (KHTML, like Gecko) HeadlessChrome/118.0.5993.88 Safari/537.36"
172.31.82.2 - - [11/Aug/2025:10:39:19 +0000] "GET /src/pages/Dashboard.tsx HTTP/1.1" 304 - "https://3d9fb108-b9e8-43bd-9835-61585a0eb37f-00-f39pm8i9ohyv.kirk.replit.dev/" "Mozilla/5.0 (Macintosh; Intel Mac OS X 10_15_7) AppleWebKit/605.1.15 (KHTML, like Gecko) Version/18.6 Safari/605.1.15"
172.31.82.2 - - [11/Aug/2025:10:39:19 +0000] "GET /src/pages/home.tsx HTTP/1.1" 304 - "https://3d9fb108-b9e8-43bd-9835-61585a0eb37f-00-f39pm8i9ohyv.kirk.replit.dev/" "Mozilla/5.0 (Macintosh; Intel Mac OS X 10_15_7) AppleWebKit/605.1.15 (KHTML, like Gecko) Version/18.6 Safari/605.1.15"
127.0.0.1 - - [11/Aug/2025:10:39:19 +0000] "GET /@fs/home/runner/workspace/node_modules/.vite/deps/chunk-4RO2SXZU.js?v=31ff2ac5 HTTP/1.1" 200 - "http://127.0.0.1:5000/@fs/home/runner/workspace/node_modules/.vite/deps/@radix-ui_react-select.js?v=31ff2ac5" "Mozilla/5.0 (X11; Linux x86_64) AppleWebKit/537.36 (KHTML, like Gecko) HeadlessChrome/118.0.5993.88 Safari/537.36"
127.0.0.1 - - [11/Aug/2025:10:39:19 +0000] "GET /@fs/home/runner/workspace/node_modules/.vite/deps/chunk-DKA7LSZL.js?v=31ff2ac5 HTTP/1.1" 200 - "http://127.0.0.1:5000/@fs/home/runner/workspace/node_modules/.vite/deps/@radix-ui_react-select.js?v=31ff2ac5" "Mozilla/5.0 (X11; Linux x86_64) AppleWebKit/537.36 (KHTML, like Gecko) HeadlessChrome/118.0.5993.88 Safari/537.36"
127.0.0.1 - - [11/Aug/2025:10:39:19 +0000] "GET /@fs/home/runner/workspace/node_modules/.vite/deps/chunk-43G6IMPT.js?v=31ff2ac5 HTTP/1.1" 200 - "http://127.0.0.1:5000/@fs/home/runner/workspace/node_modules/.vite/deps/@radix-ui_react-select.js?v=31ff2ac5" "Mozilla/5.0 (X11; Linux x86_64) AppleWebKit/537.36 (KHTML, like Gecko) HeadlessChrome/118.0.5993.88 Safari/537.36"
172.31.82.2 - - [11/Aug/2025:10:39:19 +0000] "GET /src/pages/BulkImport.tsx HTTP/1.1" 304 - "https://3d9fb108-b9e8-43bd-9835-61585a0eb37f-00-f39pm8i9ohyv.kirk.replit.dev/" "Mozilla/5.0 (Macintosh; Intel Mac OS X 10_15_7) AppleWebKit/605.1.15 (KHTML, like Gecko) Version/18.6 Safari/605.1.15"
172.31.82.2 - - [11/Aug/2025:10:39:19 +0000] "GET /src/pages/api-center.tsx HTTP/1.1" 304 - "https://3d9fb108-b9e8-43bd-9835-61585a0eb37f-00-f39pm8i9ohyv.kirk.replit.dev/" "Mozilla/5.0 (Macintosh; Intel Mac OS X 10_15_7) AppleWebKit/605.1.15 (KHTML, like Gecko) Version/18.6 Safari/605.1.15"
172.31.82.2 - - [11/Aug/2025:10:39:19 +0000] "GET /src/pages/not-found.tsx HTTP/1.1" 304 - "https://3d9fb108-b9e8-43bd-9835-61585a0eb37f-00-f39pm8i9ohyv.kirk.replit.dev/" "Mozilla/5.0 (Macintosh; Intel Mac OS X 10_15_7) AppleWebKit/605.1.15 (KHTML, like Gecko) Version/18.6 Safari/605.1.15"
172.31.82.2 - - [11/Aug/2025:10:39:19 +0000] "GET /src/pages/Analytics.tsx HTTP/1.1" 304 - "https://3d9fb108-b9e8-43bd-9835-61585a0eb37f-00-f39pm8i9ohyv.kirk.replit.dev/" "Mozilla/5.0 (Macintosh; Intel Mac OS X 10_15_7) AppleWebKit/605.1.15 (KHTML, like Gecko) Version/18.6 Safari/605.1.15"
172.31.82.2 - - [11/Aug/2025:10:39:19 +0000] "GET /src/pages/AdminTenants.tsx HTTP/1.1" 304 - "https://3d9fb108-b9e8-43bd-9835-61585a0eb37f-00-f39pm8i9ohyv.kirk.replit.dev/" "Mozilla/5.0 (Macintosh; Intel Mac OS X 10_15_7) AppleWebKit/605.1.15 (KHTML, like Gecko) Version/18.6 Safari/605.1.15"
172.31.82.2 - - [11/Aug/2025:10:39:19 +0000] "GET /src/pages/login.tsx HTTP/1.1" 304 - "https://3d9fb108-b9e8-43bd-9835-61585a0eb37f-00-f39pm8i9ohyv.kirk.replit.dev/" "Mozilla/5.0 (Macintosh; Intel Mac OS X 10_15_7) AppleWebKit/605.1.15 (KHTML, like Gecko) Version/18.6 Safari/605.1.15"
172.31.82.2 - - [11/Aug/2025:10:39:19 +0000] "GET /src/components/ui/button.tsx HTTP/1.1" 304 - "https://3d9fb108-b9e8-43bd-9835-61585a0eb37f-00-f39pm8i9ohyv.kirk.replit.dev/" "Mozilla/5.0 (Macintosh; Intel Mac OS X 10_15_7) AppleWebKit/605.1.15 (KHTML, like Gecko) Version/18.6 Safari/605.1.15"
172.31.82.2 - - [11/Aug/2025:10:39:20 +0000] "GET /src/components/ui/card.tsx HTTP/1.1" 304 - "https://3d9fb108-b9e8-43bd-9835-61585a0eb37f-00-f39pm8i9ohyv.kirk.replit.dev/" "Mozilla/5.0 (Macintosh; Intel Mac OS X 10_15_7) AppleWebKit/605.1.15 (KHTML, like Gecko) Version/18.6 Safari/605.1.15"
172.31.82.2 - - [11/Aug/2025:10:39:20 +0000] "GET /src/components/ui/input.tsx HTTP/1.1" 304 - "https://3d9fb108-b9e8-43bd-9835-61585a0eb37f-00-f39pm8i9ohyv.kirk.replit.dev/" "Mozilla/5.0 (Macintosh; Intel Mac OS X 10_15_7) AppleWebKit/605.1.15 (KHTML, like Gecko) Version/18.6 Safari/605.1.15"
172.31.82.2 - - [11/Aug/2025:10:39:20 +0000] "GET /src/components/ui/badge.tsx HTTP/1.1" 304 - "https://3d9fb108-b9e8-43bd-9835-61585a0eb37f-00-f39pm8i9ohyv.kirk.replit.dev/" "Mozilla/5.0 (Macintosh; Intel Mac OS X 10_15_7) AppleWebKit/605.1.15 (KHTML, like Gecko) Version/18.6 Safari/605.1.15"
172.31.82.2 - - [11/Aug/2025:10:39:20 +0000] "GET /src/components/ui/label.tsx HTTP/1.1" 304 - "https://3d9fb108-b9e8-43bd-9835-61585a0eb37f-00-f39pm8i9ohyv.kirk.replit.dev/" "Mozilla/5.0 (Macintosh; Intel Mac OS X 10_15_7) AppleWebKit/605.1.15 (KHTML, like Gecko) Version/18.6 Safari/605.1.15"
172.31.82.2 - - [11/Aug/2025:10:39:20 +0000] "GET /src/components/ui/select.tsx HTTP/1.1" 304 - "https://3d9fb108-b9e8-43bd-9835-61585a0eb37f-00-f39pm8i9ohyv.kirk.replit.dev/" "Mozilla/5.0 (Macintosh; Intel Mac OS X 10_15_7) AppleWebKit/605.1.15 (KHTML, like Gecko) Version/18.6 Safari/605.1.15"
172.31.82.2 - - [11/Aug/2025:10:39:20 +0000] "GET /src/hooks/use-toast.ts HTTP/1.1" 304 - "https://3d9fb108-b9e8-43bd-9835-61585a0eb37f-00-f39pm8i9ohyv.kirk.replit.dev/" "Mozilla/5.0 (Macintosh; Intel Mac OS X 10_15_7) AppleWebKit/605.1.15 (KHTML, like Gecko) Version/18.6 Safari/605.1.15"
172.31.82.2 - - [11/Aug/2025:10:39:20 +0000] "GET /src/components/ui/tabs.tsx HTTP/1.1" 304 - "https://3d9fb108-b9e8-43bd-9835-61585a0eb37f-00-f39pm8i9ohyv.kirk.replit.dev/" "Mozilla/5.0 (Macintosh; Intel Mac OS X 10_15_7) AppleWebKit/605.1.15 (KHTML, like Gecko) Version/18.6 Safari/605.1.15"
172.31.82.2 - - [11/Aug/2025:10:39:20 +0000] "GET /src/lib/api.ts HTTP/1.1" 304 - "https://3d9fb108-b9e8-43bd-9835-61585a0eb37f-00-f39pm8i9ohyv.kirk.replit.dev/" "Mozilla/5.0 (Macintosh; Intel Mac OS X 10_15_7) AppleWebKit/605.1.15 (KHTML, like Gecko) Version/18.6 Safari/605.1.15"
172.31.82.2 - - [11/Aug/2025:10:39:20 +0000] "GET /src/components/DocumentUploader.tsx HTTP/1.1" 304 - "https://3d9fb108-b9e8-43bd-9835-61585a0eb37f-00-f39pm8i9ohyv.kirk.replit.dev/" "Mozilla/5.0 (Macintosh; Intel Mac OS X 10_15_7) AppleWebKit/605.1.15 (KHTML, like Gecko) Version/18.6 Safari/605.1.15"
172.31.82.2 - - [11/Aug/2025:10:39:20 +0000] "GET /src/components/ui/table.tsx HTTP/1.1" 304 - "https://3d9fb108-b9e8-43bd-9835-61585a0eb37f-00-f39pm8i9ohyv.kirk.replit.dev/" "Mozilla/5.0 (Macintosh; Intel Mac OS X 10_15_7) AppleWebKit/605.1.15 (KHTML, like Gecko) Version/18.6 Safari/605.1.15"
172.31.82.2 - - [11/Aug/2025:10:39:20 +0000] "GET /src/lib/utils.ts HTTP/1.1" 304 - "https://3d9fb108-b9e8-43bd-9835-61585a0eb37f-00-f39pm8i9ohyv.kirk.replit.dev/" "Mozilla/5.0 (Macintosh; Intel Mac OS X 10_15_7) AppleWebKit/605.1.15 (KHTML, like Gecko) Version/18.6 Safari/605.1.15"
172.31.82.2 - - [11/Aug/2025:10:39:20 +0000] "GET /src/components/ui/toast.tsx HTTP/1.1" 304 - "https://3d9fb108-b9e8-43bd-9835-61585a0eb37f-00-f39pm8i9ohyv.kirk.replit.dev/" "Mozilla/5.0 (Macintosh; Intel Mac OS X 10_15_7) AppleWebKit/605.1.15 (KHTML, like Gecko) Version/18.6 Safari/605.1.15"
172.31.82.2 - - [11/Aug/2025:10:39:20 +0000] "GET /src/components/ui/checkbox.tsx HTTP/1.1" 304 - "https://3d9fb108-b9e8-43bd-9835-61585a0eb37f-00-f39pm8i9ohyv.kirk.replit.dev/" "Mozilla/5.0 (Macintosh; Intel Mac OS X 10_15_7) AppleWebKit/605.1.15 (KHTML, like Gecko) Version/18.6 Safari/605.1.15"
172.31.82.2 - - [11/Aug/2025:10:39:20 +0000] "GET /src/components/ui/dialog.tsx HTTP/1.1" 304 - "https://3d9fb108-b9e8-43bd-9835-61585a0eb37f-00-f39pm8i9ohyv.kirk.replit.dev/" "Mozilla/5.0 (Macintosh; Intel Mac OS X 10_15_7) AppleWebKit/605.1.15 (KHTML, like Gecko) Version/18.6 Safari/605.1.15"
172.31.82.2 - - [11/Aug/2025:10:39:20 +0000] "GET /src/components/Header.tsx HTTP/1.1" 304 - "https://3d9fb108-b9e8-43bd-9835-61585a0eb37f-00-f39pm8i9ohyv.kirk.replit.dev/" "Mozilla/5.0 (Macintosh; Intel Mac OS X 10_15_7) AppleWebKit/605.1.15 (KHTML, like Gecko) Version/18.6 Safari/605.1.15"
172.31.82.2 - - [11/Aug/2025:10:39:20 +0000] "GET /src/components/stats-cards.tsx HTTP/1.1" 304 - "https://3d9fb108-b9e8-43bd-9835-61585a0eb37f-00-f39pm8i9ohyv.kirk.replit.dev/" "Mozilla/5.0 (Macintosh; Intel Mac OS X 10_15_7) AppleWebKit/605.1.15 (KHTML, like Gecko) Version/18.6 Safari/605.1.15"
172.31.82.2 - - [11/Aug/2025:10:39:20 +0000] "GET /src/components/search-filters.tsx HTTP/1.1" 304 - "https://3d9fb108-b9e8-43bd-9835-61585a0eb37f-00-f39pm8i9ohyv.kirk.replit.dev/" "Mozilla/5.0 (Macintosh; Intel Mac OS X 10_15_7) AppleWebKit/605.1.15 (KHTML, like Gecko) Version/18.6 Safari/605.1.15"
172.31.82.2 - - [11/Aug/2025:10:39:20 +0000] "GET /src/components/header.tsx HTTP/1.1" 304 - "https://3d9fb108-b9e8-43bd-9835-61585a0eb37f-00-f39pm8i9ohyv.kirk.replit.dev/" "Mozilla/5.0 (Macintosh; Intel Mac OS X 10_15_7) AppleWebKit/605.1.15 (KHTML, like Gecko) Version/18.6 Safari/605.1.15"
172.31.82.2 - - [11/Aug/2025:10:39:20 +0000] "GET /src/components/ui/alert.tsx HTTP/1.1" 304 - "https://3d9fb108-b9e8-43bd-9835-61585a0eb37f-00-f39pm8i9ohyv.kirk.replit.dev/" "Mozilla/5.0 (Macintosh; Intel Mac OS X 10_15_7) AppleWebKit/605.1.15 (KHTML, like Gecko) Version/18.6 Safari/605.1.15"
172.31.82.2 - - [11/Aug/2025:10:39:20 +0000] "GET /src/components/ui/progress.tsx HTTP/1.1" 304 - "https://3d9fb108-b9e8-43bd-9835-61585a0eb37f-00-f39pm8i9ohyv.kirk.replit.dev/" "Mozilla/5.0 (Macintosh; Intel Mac OS X 10_15_7) AppleWebKit/605.1.15 (KHTML, like Gecko) Version/18.6 Safari/605.1.15"
172.31.82.2 - - [11/Aug/2025:10:39:20 +0000] "GET /src/components/ui/textarea.tsx HTTP/1.1" 304 - "https://3d9fb108-b9e8-43bd-9835-61585a0eb37f-00-f39pm8i9ohyv.kirk.replit.dev/" "Mozilla/5.0 (Macintosh; Intel Mac OS X 10_15_7) AppleWebKit/605.1.15 (KHTML, like Gecko) Version/18.6 Safari/605.1.15"
127.0.0.1 - - [11/Aug/2025:10:40:45 +0000] "POST /api/auth/login HTTP/1.1" 200 639 "-" "curl/8.14.1"
127.0.0.1 - - [11/Aug/2025:10:40:45 +0000] "GET /api/secure/audit-logs?limit=10 HTTP/1.1" 200 - "-" "curl/8.14.1"
127.0.0.1 - - [11/Aug/2025:10:40:53 +0000] "POST /api/auth/login HTTP/1.1" 200 639 "-" "curl/8.14.1"
127.0.0.1 - - [11/Aug/2025:10:40:53 +0000] "GET /api/secure/audit-logs?tableName=companies&limit=5 HTTP/1.1" 200 - "-" "curl/8.14.1"
127.0.0.1 - - [11/Aug/2025:10:41:25 +0000] "POST /api/auth/login HTTP/1.1" 200 639 "-" "curl/8.14.1"
127.0.0.1 - - [11/Aug/2025:10:41:25 +0000] "GET /api/audit/stats/summary HTTP/1.1" 200 - "-" "curl/8.14.1"
